
    <form id="form" hx-post="\new" hx-target="#form-container" hx-swap="outerHTML">
        <input 
             
            type="text" 
            name="digit" 
            id="digit" 
            placeholder="4" 
            autocomplete="off"
        />

        
        <div id="form-error-msg" class="form-error-msg">Input is not a digit :(</div>
        

        <button type="submit">Create New Game</button>
    </form>
